[
    {
        "commitDate": "2021-03-16",
        "mergeCommitSHA": "59d9348a4df5e40260ec930053409aba163ebb69",
        "reviewers": [
            {
                "mail": "project-admin@edp.com",
                "name": "project-admin"
            }
        ],
        "componentName": "edpt3-demo-app-backend",
        "mergeRequestURL": "http://bitbucket.odsbox.lan:7990/projects/EDPT3/repos/edpt3-demo-app-backend/pull-requests/2",
        "author": {
            "mail": "project-admin@edp.com",
            "name": "project-admin"
        }
    },
    {
        "commitDate": "2021-03-16",
        "mergeCommitSHA": "7da0c41dbbbe5c1af6d497a8fb31f87fbc55e33b",
        "reviewers": [
            {
                "mail": "project-admin@edp.com",
                "name": "project-admin"
            }
        ],
        "componentName": "edpt3-demo-app-backend",
        "mergeRequestURL": "http://bitbucket.odsbox.lan:7990/projects/EDPT3/repos/edpt3-demo-app-backend/pull-requests/2",
        "author": {
            "mail": "openshift@example.com",
            "name": "openshift"
        }
    },
    {
        "commitDate": "2021-03-16",
        "mergeCommitSHA": "c2193652ed488744560c686cdd0e7e3c1dfa6b0f",
        "reviewers": [
            {
                "mail": "project-team-member@edp.com",
                "name": "project-team-member"
            }
        ],
        "componentName": "edpt3-demo-app-backend",
        "mergeRequestURL": "http://bitbucket.odsbox.lan:7990/projects/EDPT3/repos/edpt3-demo-app-backend/pull-requests/1",
        "author": {
            "mail": "project-team-member@edp.com",
            "name": "project-team-member"
        }
    },
    {
        "commitDate": "2021-03-16",
        "mergeCommitSHA": "7a87b0122c90478eabf481b2fc04059260715fee",
        "reviewers": [
            {
                "mail": "project-team-member@edp.com",
                "name": "project-team-member"
            }
        ],
        "componentName": "edpt3-demo-app-backend",
        "mergeRequestURL": "http://bitbucket.odsbox.lan:7990/projects/EDPT3/repos/edpt3-demo-app-backend/pull-requests/1",
        "author": {
            "mail": "openshift@example.com",
            "name": "openshift"
        }
    },
    {
        "commitDate": "2021-03-17",
        "mergeCommitSHA": "16770356fe981d00115e978ce31199f4371af5d9",
        "reviewers": [
            {
                "mail": "project-team-member@edp.com",
                "name": "project-team-member"
            },
            {
                "mail": "project-admin@edp.com",
                "name": "project-admin"
            }
        ],
        "componentName": "edpt3-demo-app-front-end",
        "mergeRequestURL": "http://bitbucket.odsbox.lan:7990/projects/EDPT3/repos/edpt3-demo-app-front-end/pull-requests/2",
        "author": {
            "mail": "project-admin@edp.com",
            "name": "project-admin"
        }
    },
    {
        "commitDate": "2021-03-17",
        "mergeCommitSHA": "69a7c95ddb20bce08fbe01bf067927a1d7bf6e7c",
        "reviewers": [
            {
                "mail": "project-team-member@edp.com",
                "name": "project-team-member"
            },
            {
                "mail": "project-admin@edp.com",
                "name": "project-admin"
            }
        ],
        "componentName": "edpt3-demo-app-front-end",
        "mergeRequestURL": "http://bitbucket.odsbox.lan:7990/projects/EDPT3/repos/edpt3-demo-app-front-end/pull-requests/2",
        "author": {
            "mail": "openshift@example.com",
            "name": "openshift"
        }
    },
    {
        "commitDate": "2021-03-17",
        "mergeCommitSHA": "0e37d77af184bad786dcd07ee6e43c7430f66e7d",
        "reviewers": [
            {
                "mail": "project-team-member@edp.com",
                "name": "project-team-member"
            },
            {
                "mail": "project-admin@edp.com",
                "name": "project-admin"
            }
        ],
        "componentName": "edpt3-demo-app-front-end",
        "mergeRequestURL": "http://bitbucket.odsbox.lan:7990/projects/EDPT3/repos/edpt3-demo-app-front-end/pull-requests/2",
        "author": {
            "mail": "openshift@example.com",
            "name": "openshift"
        }
    },
    {
        "commitDate": "2021-03-16",
        "mergeCommitSHA": "3e11de659989b1944a4b0528e467108f6373b755",
        "reviewers": [
            {
                "mail": "project-admin@edp.com",
                "name": "project-admin"
            }
        ],
        "componentName": "edpt3-demo-app-front-end",
        "mergeRequestURL": "http://bitbucket.odsbox.lan:7990/projects/EDPT3/repos/edpt3-demo-app-front-end/pull-requests/1",
        "author": {
            "mail": "project-admin@edp.com",
            "name": "project-admin"
        }
    },
    {
        "commitDate": "2021-03-16",
        "mergeCommitSHA": "34d300361c1ba798c0adec984b0dfe3e473b472e",
        "reviewers": [
            {
                "mail": "project-admin@edp.com",
                "name": "project-admin"
            }
        ],
        "componentName": "edpt3-demo-app-front-end",
        "mergeRequestURL": "http://bitbucket.odsbox.lan:7990/projects/EDPT3/repos/edpt3-demo-app-front-end/pull-requests/1",
        "author": {
            "mail": "openshift@example.com",
            "name": "openshift"
        }
    }
]
